(ARCTools Version 2.1.2)
 HexLoc     DecLoc    MachWord   Label        Instruction                Comment
                                              .org 2048                  
                                                                         
                                                                         
                                                                         
00000800  0000002048  c2002850                ld [2128], %r1             
00000804  0000002052  c4002854                ld [2132], %r2             
00000808  0000002056  9c83bffc                addcc %r14, -4, %r14       
0000080c  0000002060  c2238000                st %r1, %r14               
00000810  0000002064  40000006                call 6                     
00000814  0000002068  c6038000                ld %r14, %r3               
00000818  0000002072  c4238000                st %r2, %r14               
0000081c  0000002076  40000003                call 3                     
00000820  0000002080  c8038000                ld %r14, %r4               
00000824  0000002084  1080000d                ba 13                      
                                                                         
                                                                         
                                                                         
00000828  0000002088  d0038000  abs:          ld %r14, %r8               
0000082c  0000002092  d200284c                ld [2124], %r9             
00000830  0000002096  949a0009                xorcc %r8, %r9, %r10       
00000834  0000002100  9482a001                addcc %r10, 1, %r10        
00000838  0000002104  1c800002                bpos 2                     
0000083c  0000002108  10800003                ba 3                       
                                                                         
00000840  0000002112  d4238000  pshval:       st %r10, %r14              
00000844  0000002116  10800001                ba 1                       
                                                                         
00000848  0000002120  81c3e004  exit:         jmpl %r15, 4, %r0          
                                                                         
                                                                         
0000084c  0000002124  ffffffff  NEG1:                                    
00000850  0000002128  0000000a  A:                                       
00000854  0000002132  fffffff6  B:                                       
                                                                         
00000858  0000002136            fin:                                     

--- Symbol Table ---
A: 2128
NEG1: 2124
abs: 2088
pshval: 2112
exit: 2120
fin: 2136
B: 2132
