(ARCTools Version 2.1.2)
 HexLoc     DecLoc    MachWord   Label        Instruction                Comment
                                              .org 2048                  
                                                                         
                                                                         !;Main
                                                                         
00000800  0000002048  c2002854                ld [2132], %r1             
00000804  0000002052  c4002858                ld [2136], %r2             
00000808  0000002056  4000001b                call 27                    
0000080c  0000002060  c6202868                st %r3, [2152]             
                                                                         
00000810  0000002064  c220285c                st %r1, [2140]             
00000814  0000002068  c4202860                st %r2, [2144]             
00000818  0000002072  0b00085c                sethi 2140, %r5            
0000081c  0000002076  8b31600a                srl %r5, 10, %r5           
00000820  0000002080  40000017                call 23                    
00000824  0000002084  c6002864                ld [2148], %r3             
00000828  0000002088  c620286c                st %r3, [2156]             
                                                                         
0000082c  0000002092  9c83bffc                addcc %r14, -4, %r14       
00000830  0000002096  c2238000                st %r1, %r14               
00000834  0000002100  9c83bffc                addcc %r14, -4, %r14       
00000838  0000002104  c4238000                st %r2, %r14               
0000083c  0000002108  40000015                call 21                    
00000840  0000002112  c6038000                ld %r14, %r3               
00000844  0000002116  c6202870                st %r3, [2160]             
                                                                         
00000848  0000002120  fa002868                ld [2152], %r29            
0000084c  0000002124  fc00286c                ld [2156], %r30            
00000850  0000002128  fe002870                ld [2160], %r31            
                                                                         
                                                                         
00000854  0000002132  00000054  X:                                       
00000858  0000002136  000000e9  Y:                                       
0000085c  0000002140            ARR:          .dwb 3                     
00000868  0000002152            RESULT:       .dwb 3                     
                                                                         
                                                                         
                                                                         !;Suma, param. pasados por registros
                                                                         !;%r3 := %r1 + %r2
00000874  0000002164  86804002  SUM_1:        addcc %r1, %r2, %r3        
00000878  0000002168  81c3e004                jmpl %r15, 4, %r0          
                                                                         
                                                                         
                                                                         !;Suma, param. pasados por stack
                                                                         !;ARR[2] := ARR[0] + ARR[1]
0000087c  0000002172  d0014000  SUM_2:        ld %r5, %r8                
00000880  0000002176  d2016004                ld %r5, [4], %r9           
00000884  0000002180  94820009                addcc %r8, %r9, %r10       
00000888  0000002184  d4216008                st %r10, %r5, [8]          
0000088c  0000002188  81c3e004                jmpl %r15, 4, %r0          
                                                                         
                                                                         
                                                                         !;Suma, param. pasados por stack		
00000890  0000002192  d4038000  SUM_3:        ld %r14, %r10              
00000894  0000002196  9c83a004                addcc %r14, 4, %r14        
00000898  0000002200  d6038000                ld %r14, %r11              
0000089c  0000002204  9c83a004                addcc %r14, 4, %r14        
000008a0  0000002208  9882800b                addcc %r10, %r11, %r12     
000008a4  0000002212  9c83bffc                addcc %r14, -4, %r14       
000008a8  0000002216  d8238000                st %r12, %r14              
000008ac  0000002220  81c3e004                jmpl %r15, 4, %r0          
                                                                         

--- Symbol Table ---
SUM_3: 2192
SUM_2: 2172
ARR: 2140
SUM_1: 2164
Y: 2136
RESULT: 2152
X: 2132
